// Jest Snapshot v1, https://goo.gl/fbAQLP

exports[`<Button /> renders correctly 1`] = `
<View>
  <View
    accessible={true}
    collapsable={false}
    focusable={true}
    onBlur={[Function]}
    onClick={[Function]}
    onFocus={[Function]}
    onResponderGrant={[Function]}
    onResponderMove={[Function]}
    onResponderRelease={[Function]}
    onResponderTerminate={[Function]}
    onResponderTerminationRequest={[Function]}
    onStartShouldSetResponder={[Function]}
    style={false}
  >
    <View
      style={
        Object {
          "backgroundColor": "#000000",
          "borderRadius": 8,
          "elevation": 5,
          "padding": 15,
          "shadowColor": "#000000",
          "shadowOffset": Object {
            "height": 3,
            "width": 0,
          },
          "shadowOpacity": 0.3,
          "shadowRadius": 8,
        }
      }
    >
      <Text
        style={
          Object {
            "color": "#FFFFFF",
            "fontFamily": "Roboto-Regular",
            "fontSize": 18,
            "textAlign": "center",
          }
        }
      >
        Test
      </Text>
    </View>
  </View>
</View>
`;
