// Jest Snapshot v1, https://goo.gl/fbAQLP

exports[`<JokeCard /> renders correctly 1`] = `
<View
  style={
    Array [
      Object {
        "alignItems": "center",
        "flex": 1,
        "justifyContent": "space-between",
      },
      undefined,
    ]
  }
>
  <Text
    style={
      Array [
        Object {
          "color": "#FFFFFF",
          "fontFamily": "Roboto-Medium",
          "textAlign": "center",
        },
        undefined,
      ]
    }
  >
    test
  </Text>
</View>
`;
